// Jest Snapshot v1, https://goo.gl/fbAQLP

exports[`renders correctly 1`] = `
<section
  className="footer"
>
  Copyright ©️ 2022
  <a
    href="https://github.com/mavericks-db"
  >
    mavericks-db
  </a>
  <a
    href="https://github.com/leonard33"
  >
    leonard33
  </a>
  <img
    alt="github-logo"
    className="footerImg"
    src="github.svg"
  />
</section>
`;
