// Jest Snapshot v1, https://goo.gl/fbAQLP

exports[`matches snapshot 1`] = `
<div>
  <div
    className="heading"
  >
    <div
      className="left"
    >
      Mission
    </div>
    <div
      className="center"
    >
      Description
    </div>
    <div
      className="right"
    >
      Status
    </div>
  </div>
</div>
`;

exports[`renders data in the card as from API 1`] = `
<div
  className="mission-card"
>
  <div
    className="mission"
  >
    <div
      className="tbody"
    >
      <div
        className="left"
      />
      <div
        className="center"
      />
      <div
        className="right"
      >
        <span
          className="badge"
        >
          Active Member
        </span>
        <button
          className="join-btn"
          onClick={[Function]}
          type="submit"
        >
          Leave Mission
        </button>
      </div>
    </div>
  </div>
</div>
`;
